// Jest Snapshot v1, https://goo.gl/fbAQLP

exports[`Grid rendering render 1`] = `
"+-------------------+
| 3   3   3   3   3 |
|   +---------------+
| 3 | 2   2   2   2 |
+---+       +-------+
| 2   2   2 | 0   0 |
+-------+---+       |
| 1   1 | 0   0   0 |
|       +---+       |
| 1   1   1 | 0   0 |
+-----------+-------+"
`;

exports[`Grid rendering render 2`] = `
"+-------------------+
| 3   3   3   3   3 |
|   +---------------+
| 3 | 2   2   2   2 |
+---+       +-------+
| 2   2   2 | 0   0 |
+-------+---+       |
| 1   1 | 0   0   0 |
|       +---+       |
| 1   1   1 | 0   0 |
+-----------+-------+"
`;

exports[`Grid rendering render 3`] = `
"+-----------------------------------+---+
| 3   3   3   3   3   3   3   3   3 | 2 |
|       +---+-----------------------+   |
| 3   3 | 1 | 2   2   2   2   2   2   2 |
|   +---+   +---+           +---+   +---+
| 3 | 1   1   1 | 2   2   2 | 0 | 2 | 0 |
+---+           +---+-------+   +---+   |
| 1   1   1   1   1 | 0   0   0   0   0 |
|                   |                   |
| 1   1   1   1   1 | 0   0   0   0   0 |
+-------------------+-------------------+"
`;

exports[`Grid rendering render 4`] = `
"+-----------------------------------+---+
| 3   3   3   3   3   3   3   3   3 | 2 |
|       +---+-----------------------+   |
| 3   3 | 1 | 2   2   2   2   2   2   2 |
|   +---+   +---+           +---+   +---+
| 3 | 1   1   1 | 2   2   2 | 0 | 2 | 0 |
+---+           +---+-------+   +---+   |
| 1   1   1   1   1 | 0   0   0   0   0 |
|                   |                   |
| 1   1   1   1   1 | 0   0   0   0   0 |
+-------------------+-------------------+"
`;

exports[`Grid rendering render 5`] = `
"+-------------------+
| 3   3   3   3   3 |
|                   |
| 3   3   3   3   3 |
+---+   +-------+   |
| 2 | 3 | 2   2 | 3 |
|   +---+       +---+
| 2   2   2   2   2 |
|       +---+-------+
| 2   2 | 0 | 1   1 |
|   +---+   |       |
| 2 | 0   0 | 1   1 |
|   +---+   |       |
| 2   2 | 0 | 1   1 |
+-------+   |       |
| 0   0   0 | 1   1 |
|           |       |
| 0   0   0 | 1   1 |
|           |       |
| 0   0   0 | 1   1 |
+-----------+-------+"
`;

exports[`Grid rendering render 6`] = `
"+-------------------+
| 3   3   3   3   3 |
|                   |
| 3   3   3   3   3 |
+---+   +-------+   |
| 2 | 3 | 2   2 | 3 |
|   +---+       +---+
| 2   2   2   2   2 |
|       +---+-------+
| 2   2 | 0 | 1   1 |
|   +---+   |       |
| 2 | 0   0 | 1   1 |
|   +---+   |       |
| 2   2 | 0 | 1   1 |
+-------+   |       |
| 0   0   0 | 1   1 |
|           |       |
| 0   0   0 | 1   1 |
|           |       |
| 0   0   0 | 1   1 |
+-----------+-------+"
`;

exports[`Grid rendering render 7`] = `
"+---------------------------------------+
| 3   3   3   3   3   3   3   3   3   3 |
|                                   +---+
| 3   3   3   3   3   3   3   3   3 | 1 |
+-----------+               +---+   |   |
| 2   2   2 | 3   3   3   3 | 2 | 3 | 1 |
|           +-------+       |   +---+   |
| 2   2   2   2   2 | 3   3 | 2 | 1   1 |
|                   +-------+   |       |
| 2   2   2   2   2   2   2   2 | 1   1 |
|                           +---+       |
| 2   2   2   2   2   2   2 | 1   1   1 |
+---------------+       +---+           |
| 0   0   0   0 | 2   2 | 1   1   1   1 |
|               +---+---+               |
| 0   0   0   0   0 | 1   1   1   1   1 |
|                   |                   |
| 0   0   0   0   0 | 1   1   1   1   1 |
|                   +---+               |
| 0   0   0   0   0   0 | 1   1   1   1 |
+-----------------------+---------------+"
`;

exports[`Grid rendering render 8`] = `
"+---------------------------------------+
| 3   3   3   3   3   3   3   3   3   3 |
|                                   +---+
| 3   3   3   3   3   3   3   3   3 | 1 |
+-----------+               +---+   |   |
| 2   2   2 | 3   3   3   3 | 2 | 3 | 1 |
|           +-------+       |   +---+   |
| 2   2   2   2   2 | 3   3 | 2 | 1   1 |
|                   +-------+   |       |
| 2   2   2   2   2   2   2   2 | 1   1 |
|                           +---+       |
| 2   2   2   2   2   2   2 | 1   1   1 |
+---------------+       +---+           |
| 0   0   0   0 | 2   2 | 1   1   1   1 |
|               +---+---+               |
| 0   0   0   0   0 | 1   1   1   1   1 |
|                   |                   |
| 0   0   0   0   0 | 1   1   1   1   1 |
|                   +---+               |
| 0   0   0   0   0   0 | 1   1   1   1 |
+-----------------------+---------------+"
`;

exports[`Grid rendering render 9`] = `
"+----+---------+--------+
|  5 |  3    3 |  4   4 |
+----+---------+----+---+
| 13 |  2    2 |  9 | 8 |
+----+---------+----+---+
| 10 | 12   12 | 11 | 7 |
|    +----+----+----+   |
| 10 | 15 | 14 |  0 | 7 |
+----+----+    |    +---+
|  6 |  1 | 14 |  0   0 |
+----+----+----+--------+"
`;

exports[`Grid rendering render 10`] = `
"+----+---------+--------+
|  5 |  3    3 |  4   4 |
+----+---------+----+---+
| 13 |  2    2 |  9 | 8 |
+----+---------+----+---+
| 10 | 12   12 | 11 | 7 |
|    +----+----+----+   |
| 10 | 15 | 14 |  0 | 7 |
+----+----+    |    +---+
|  6 |  1 | 14 |  0   0 |
+----+----+----+--------+"
`;

exports[`Grid rendering render 11`] = `
"+--------------+-----------+----+---------+----+
|  5    5    5 | 2   2   2 |  3 |  4    4 |  6 |
|    +---------+---+       |    +----+    |    |
|  5 |  8    8   8 | 2   2 |  3 | 13 |  4 |  6 |
+----+---------+   +-------+----+    +----+----+
|  9    9    9 | 8 | 7   7 | 12 | 13 | 11 | 14 |
+--------------+---+---+   |    +----+    |    |
| 15   15   15 | 1   1 | 7 | 12 | 11   11 | 14 |
+--------------+       +---+----+---------+    |
| 10   10   10 | 1   1 | 0    0    0    0 | 14 |
+--------------+-------+------------------+----+"
`;

exports[`Grid rendering render 12`] = `
"+--------------+-----------+----+---------+----+
|  5    5    5 | 2   2   2 |  3 |  4    4 |  6 |
|    +---------+---+       |    +----+    |    |
|  5 |  8    8   8 | 2   2 |  3 | 13 |  4 |  6 |
+----+---------+   +-------+----+    +----+----+
|  9    9    9 | 8 | 7   7 | 12 | 13 | 11 | 14 |
+--------------+---+---+   |    +----+    |    |
| 15   15   15 | 1   1 | 7 | 12 | 11   11 | 14 |
+--------------+       +---+----+---------+    |
| 10   10   10 | 1   1 | 0    0    0    0 | 14 |
+--------------+-------+------------------+----+"
`;

exports[`Grid rendering render 13`] = `
"+-------------+----+----+
| 5    5    5 |  4 |  6 |
+---+---------+    |    |
| 2 |  3    3 |  4 |  6 |
|   |    +----+    |    |
| 2 |  3 | 13 |  4 |  6 |
|   +----+    |    |    |
| 2 | 13   13 |  4 |  6 |
|   +----+----+----+----+
| 2 |  9 |  8    8    8 |
+---+    +----+    +----+
| 9    9 | 15 |  8 | 14 |
+---+----+    +----+    |
| 7 | 12 | 15   15 | 14 |
|   |    +---------+    |
| 7 | 12 | 11   11 | 14 |
|   +----+----+----+----+
| 7 | 10   10 |  1    1 |
+---+---------+         |
| 0    0    0 |  1    1 |
+-------------+---------+"
`;

exports[`Grid rendering render 14`] = `
"+-------------+----+----+
| 5    5    5 |  4 |  6 |
+---+---------+    |    |
| 2 |  3    3 |  4 |  6 |
|   |    +----+    |    |
| 2 |  3 | 13 |  4 |  6 |
|   +----+    |    |    |
| 2 | 13   13 |  4 |  6 |
|   +----+----+----+----+
| 2 |  9 |  8    8    8 |
+---+    +----+    +----+
| 9    9 | 15 |  8 | 14 |
+---+----+    +----+    |
| 7 | 12 | 15   15 | 14 |
|   |    +---------+    |
| 7 | 12 | 11   11 | 14 |
|   +----+----+----+----+
| 7 | 10   10 |  1    1 |
+---+---------+         |
| 0    0    0 |  1    1 |
+-------------+---------+"
`;

exports[`Grid rendering render 15`] = `
"+---------+-------------------+--------------+----+
|  2    2 |  5    5    5    5 |  4    4    4 |  6 |
|         +---------+         |              |    |
|  2    2 |  3    3 |  5    5 |  4    4    4 |  6 |
+----+    |         +----+    |         +----+    |
| 13 |  2 |  3    3    3 |  5 |  4    4 |  6    6 |
|    |    +----+         +----+---------+----+    |
| 13 |  2    2 |  3    3 |  9    9    9    9 |  6 |
|    +---------+---------+----+----+         |    |
| 13   13   13 | 10   10   10 | 14 |  9    9 |  6 |
|    +---------+         +----+    +----+    +----+
| 13 |  8    8 | 10   10 | 14   14   14 |  9 | 15 |
|    |         +----+    |    +---------+----+    |
| 13 |  8    8    8 | 10 | 14 |  7    7 | 15   15 |
+----+         +----+----+----+         |         |
|  0 |  8    8 | 12   12 |  7    7    7 | 15   15 |
|    +---------+         +---------+----+---------+
|  0    0    0 | 12   12 | 11   11 |  1    1    1 |
|              +----+    |         |              |
|  0    0    0    0 | 12 | 11   11 |  1    1    1 |
+-------------------+----+---------+--------------+"
`;

exports[`Grid rendering render 16`] = `
"+---------+-------------------+--------------+----+
|  2    2 |  5    5    5    5 |  4    4    4 |  6 |
|         +---------+         |              |    |
|  2    2 |  3    3 |  5    5 |  4    4    4 |  6 |
+----+    |         +----+    |         +----+    |
| 13 |  2 |  3    3    3 |  5 |  4    4 |  6    6 |
|    |    +----+         +----+---------+----+    |
| 13 |  2    2 |  3    3 |  9    9    9    9 |  6 |
|    +---------+---------+----+----+         |    |
| 13   13   13 | 10   10   10 | 14 |  9    9 |  6 |
|    +---------+         +----+    +----+    +----+
| 13 |  8    8 | 10   10 | 14   14   14 |  9 | 15 |
|    |         +----+    |    +---------+----+    |
| 13 |  8    8    8 | 10 | 14 |  7    7 | 15   15 |
+----+         +----+----+----+         |         |
|  0 |  8    8 | 12   12 |  7    7    7 | 15   15 |
|    +---------+         +---------+----+---------+
|  0    0    0 | 12   12 | 11   11 |  1    1    1 |
|              +----+    |         |              |
|  0    0    0    0 | 12 | 11   11 |  1    1    1 |
+-------------------+----+---------+--------------+"
`;
